11:28:42 containerd-shim  98658   96334     0 /usr/local/bin/containerd-shim-runc-v2 -namespace k8s.io -address /run/containerd/containerd.sock -publish-binary /usr/local/bin/containerd -id c19cef1b84821dfa3848e55f80a86a46672a128748ac970d162ba48bb5e5ee6b start
11:28:42 containerd-shim  98666   98658     0 /usr/local/bin/containerd-shim-runc-v2 -namespace k8s.io -id c19cef1b84821dfa3848e55f80a86a46672a128748ac970d162ba48bb5e5ee6b -address /run/containerd/containerd.sock
11:28:42 runc             98677   98666     0 /usr/local/sbin/runc --root /run/containerd/runc/k8s.io --log /run/containerd/io.containerd.runtime.v2.task/k8s.io/c19cef1b84821dfa3848e55f80a86a46672a128748ac970d162ba48bb5e5ee6b/log.json --log-format json --systemd-cgroup create --bundle /run/containerd/io.containerd.runtime.v2.task/k8s.io/c19cef1b84821dfa3848e55f80a86a46672a128748ac970d162ba48bb5e5ee6b --pid-file /run/containerd/io.containerd.runtime.v2.task/k8s.io/c19cef1b84821dfa3848e55f80a86a46672a128748ac970d162ba48bb5e5ee6b/init.pid c19cef1b84821dfa3848e55f80a86a46672a128748ac970d162ba48bb5e5ee6b
11:28:42 6                98686   98677     0 /proc/self/fd/6 init
11:28:42 runc             98696   98666     0 /usr/local/sbin/runc --root /run/containerd/runc/k8s.io --log /run/containerd/io.containerd.runtime.v2.task/k8s.io/c19cef1b84821dfa3848e55f80a86a46672a128748ac970d162ba48bb5e5ee6b/log.json --log-format json --systemd-cgroup start c19cef1b84821dfa3848e55f80a86a46672a128748ac970d162ba48bb5e5ee6b
11:28:42 pause            98690   98666     0 /pause
11:28:43 runc             98703   98666     0 /usr/local/sbin/runc --root /run/containerd/runc/k8s.io --log /run/containerd/io.containerd.runtime.v2.task/k8s.io/38b9b1ee2ff3ab3a9e746f0aa7c76f86c9b733f475fa6b076efaffcf1a1f9bdf/log.json --log-format json --systemd-cgroup create --bundle /run/containerd/io.containerd.runtime.v2.task/k8s.io/38b9b1ee2ff3ab3a9e746f0aa7c76f86c9b733f475fa6b076efaffcf1a1f9bdf --pid-file /run/containerd/io.containerd.runtime.v2.task/k8s.io/38b9b1ee2ff3ab3a9e746f0aa7c76f86c9b733f475fa6b076efaffcf1a1f9bdf/init.pid 38b9b1ee2ff3ab3a9e746f0aa7c76f86c9b733f475fa6b076efaffcf1a1f9bdf
11:28:43 6                98713   98703     0 /proc/self/fd/6 init
11:28:43 runc             98723   98666     0 /usr/local/sbin/runc --root /run/containerd/runc/k8s.io --log /run/containerd/io.containerd.runtime.v2.task/k8s.io/38b9b1ee2ff3ab3a9e746f0aa7c76f86c9b733f475fa6b076efaffcf1a1f9bdf/log.json --log-format json --systemd-cgroup start 38b9b1ee2ff3ab3a9e746f0aa7c76f86c9b733f475fa6b076efaffcf1a1f9bdf
11:28:43 argoexec         98717   98666     0 /usr/bin/argoexec init --loglevel info --log-format text --gloglevel 0
11:28:43 runc             98737   98666     0 /usr/local/sbin/runc --root /run/containerd/runc/k8s.io --log /run/containerd/io.containerd.runtime.v2.task/k8s.io/38b9b1ee2ff3ab3a9e746f0aa7c76f86c9b733f475fa6b076efaffcf1a1f9bdf/log.json --log-format json --systemd-cgroup kill --all 38b9b1ee2ff3ab3a9e746f0aa7c76f86c9b733f475fa6b076efaffcf1a1f9bdf 9
11:28:43 runc             98743   98666     0 /usr/local/sbin/runc --root /run/containerd/runc/k8s.io --log /run/containerd/io.containerd.runtime.v2.task/k8s.io/38b9b1ee2ff3ab3a9e746f0aa7c76f86c9b733f475fa6b076efaffcf1a1f9bdf/log.json --log-format json --systemd-cgroup delete 38b9b1ee2ff3ab3a9e746f0aa7c76f86c9b733f475fa6b076efaffcf1a1f9bdf
11:28:46 containerd-shim  98753   96334     0 /usr/local/bin/containerd-shim-runc-v2 -namespace k8s.io -address /run/containerd/containerd.sock -publish-binary /usr/local/bin/containerd -id 38b9b1ee2ff3ab3a9e746f0aa7c76f86c9b733f475fa6b076efaffcf1a1f9bdf -bundle /run/containerd/io.containerd.runtime.v2.task/k8s.io/38b9b1ee2ff3ab3a9e746f0aa7c76f86c9b733f475fa6b076efaffcf1a1f9bdf delete
11:28:47 runc             98789   98666     0 /usr/local/sbin/runc --root /run/containerd/runc/k8s.io --log /run/containerd/io.containerd.runtime.v2.task/k8s.io/77b238117588962d7d1636b914844f20da2d2085823702d853c1d762e482d610/log.json --log-format json --systemd-cgroup create --bundle /run/containerd/io.containerd.runtime.v2.task/k8s.io/77b238117588962d7d1636b914844f20da2d2085823702d853c1d762e482d610 --pid-file /run/containerd/io.containerd.runtime.v2.task/k8s.io/77b238117588962d7d1636b914844f20da2d2085823702d853c1d762e482d610/init.pid 77b238117588962d7d1636b914844f20da2d2085823702d853c1d762e482d610
11:28:47 6                98798   98789     0 /proc/self/fd/6 init
11:28:47 runc             98808   98666     0 /usr/local/sbin/runc --root /run/containerd/runc/k8s.io --log /run/containerd/io.containerd.runtime.v2.task/k8s.io/77b238117588962d7d1636b914844f20da2d2085823702d853c1d762e482d610/log.json --log-format json --systemd-cgroup start 77b238117588962d7d1636b914844f20da2d2085823702d853c1d762e482d610
11:28:47 argoexec         98801   98666     0 /usr/bin/argoexec wait --loglevel info --log-format text --gloglevel 0
11:28:47 runc             98822   98666     0 /usr/local/sbin/runc --root /run/containerd/runc/k8s.io --log /run/containerd/io.containerd.runtime.v2.task/k8s.io/2c202c882609cf63fe29ca9171b0fd7fb147e88780357c11893257380f1d114c/log.json --log-format json --systemd-cgroup create --bundle /run/containerd/io.containerd.runtime.v2.task/k8s.io/2c202c882609cf63fe29ca9171b0fd7fb147e88780357c11893257380f1d114c --pid-file /run/containerd/io.containerd.runtime.v2.task/k8s.io/2c202c882609cf63fe29ca9171b0fd7fb147e88780357c11893257380f1d114c/init.pid 2c202c882609cf63fe29ca9171b0fd7fb147e88780357c11893257380f1d114c
11:28:47 6                98831   98822     0 /proc/self/fd/6 init
11:28:47 runc             98842   98666     0 /usr/local/sbin/runc --root /run/containerd/runc/k8s.io --log /run/containerd/io.containerd.runtime.v2.task/k8s.io/2c202c882609cf63fe29ca9171b0fd7fb147e88780357c11893257380f1d114c/log.json --log-format json --systemd-cgroup start 2c202c882609cf63fe29ca9171b0fd7fb147e88780357c11893257380f1d114c
11:28:47 argoexec         98836   98666     0 /var/run/argo/argoexec emissary --loglevel info --log-format text --gloglevel 0 -- python /argo/staging/script
11:28:47 python           98858   98836     0 /usr/local/bin/python /argo/staging/script
11:29:18 runc             99323   98666     0 /usr/local/sbin/runc --root /run/containerd/runc/k8s.io --log /run/containerd/io.containerd.runtime.v2.task/k8s.io/2c202c882609cf63fe29ca9171b0fd7fb147e88780357c11893257380f1d114c/log.json --log-format json --systemd-cgroup exec --process /tmp/runc-process3961246887 --detach --pid-file /run/containerd/io.containerd.runtime.v2.task/k8s.io/2c202c882609cf63fe29ca9171b0fd7fb147e88780357c11893257380f1d114c/9514592dde 2c202c882609cf63fe29ca9171b0fd7fb147e88780357c11893257380f1d114c
11:29:18 6                99332   99323     0 /proc/self/fd/6 init
11:29:18 ps               99335   98666     0 /bin/ps -o pid,ppid,args
11:33:47 runc             106595  98666     0 /usr/local/sbin/runc --root /run/containerd/runc/k8s.io --log /run/containerd/io.containerd.runtime.v2.task/k8s.io/2c202c882609cf63fe29ca9171b0fd7fb147e88780357c11893257380f1d114c/log.json --log-format json --systemd-cgroup kill --all 2c202c882609cf63fe29ca9171b0fd7fb147e88780357c11893257380f1d114c 9
11:33:47 runc             106601  98666     0 /usr/local/sbin/runc --root /run/containerd/runc/k8s.io --log /run/containerd/io.containerd.runtime.v2.task/k8s.io/2c202c882609cf63fe29ca9171b0fd7fb147e88780357c11893257380f1d114c/log.json --log-format json --systemd-cgroup delete 2c202c882609cf63fe29ca9171b0fd7fb147e88780357c11893257380f1d114c
11:33:47 containerd-shim  106608  96334     0 /usr/local/bin/containerd-shim-runc-v2 -namespace k8s.io -address /run/containerd/containerd.sock -publish-binary /usr/local/bin/containerd -id 2c202c882609cf63fe29ca9171b0fd7fb147e88780357c11893257380f1d114c -bundle /run/containerd/io.containerd.runtime.v2.task/k8s.io/2c202c882609cf63fe29ca9171b0fd7fb147e88780357c11893257380f1d114c delete
11:33:48 runc             106621  98666     0 /usr/local/sbin/runc --root /run/containerd/runc/k8s.io --log /run/containerd/io.containerd.runtime.v2.task/k8s.io/77b238117588962d7d1636b914844f20da2d2085823702d853c1d762e482d610/log.json --log-format json --systemd-cgroup kill --all 77b238117588962d7d1636b914844f20da2d2085823702d853c1d762e482d610 9
11:33:48 runc             106627  98666     0 /usr/local/sbin/runc --root /run/containerd/runc/k8s.io --log /run/containerd/io.containerd.runtime.v2.task/k8s.io/77b238117588962d7d1636b914844f20da2d2085823702d853c1d762e482d610/log.json --log-format json --systemd-cgroup delete 77b238117588962d7d1636b914844f20da2d2085823702d853c1d762e482d610
11:33:49 containerd-shim  106645  96334     0 /usr/local/bin/containerd-shim-runc-v2 -namespace k8s.io -address /run/containerd/containerd.sock -publish-binary /usr/local/bin/containerd -id 77b238117588962d7d1636b914844f20da2d2085823702d853c1d762e482d610 -bundle /run/containerd/io.containerd.runtime.v2.task/k8s.io/77b238117588962d7d1636b914844f20da2d2085823702d853c1d762e482d610 delete
11:33:50 runc             106659  98666     0 /usr/local/sbin/runc --root /run/containerd/runc/k8s.io --log /run/containerd/io.containerd.runtime.v2.task/k8s.io/c19cef1b84821dfa3848e55f80a86a46672a128748ac970d162ba48bb5e5ee6b/log.json --log-format json --systemd-cgroup kill c19cef1b84821dfa3848e55f80a86a46672a128748ac970d162ba48bb5e5ee6b 9
11:33:50 runc             106666  98666     0 /usr/local/sbin/runc --root /run/containerd/runc/k8s.io --log /run/containerd/io.containerd.runtime.v2.task/k8s.io/c19cef1b84821dfa3848e55f80a86a46672a128748ac970d162ba48bb5e5ee6b/log.json --log-format json --systemd-cgroup kill --all c19cef1b84821dfa3848e55f80a86a46672a128748ac970d162ba48bb5e5ee6b 9
11:33:50 runc             106672  98666     0 /usr/local/sbin/runc --root /run/containerd/runc/k8s.io --log /run/containerd/io.containerd.runtime.v2.task/k8s.io/c19cef1b84821dfa3848e55f80a86a46672a128748ac970d162ba48bb5e5ee6b/log.json --log-format json --systemd-cgroup delete c19cef1b84821dfa3848e55f80a86a46672a128748ac970d162ba48bb5e5ee6b
11:33:50 containerd-shim  106678  96334     0 /usr/local/bin/containerd-shim-runc-v2 -namespace k8s.io -address /run/containerd/containerd.sock -publish-binary /usr/local/bin/containerd -id c19cef1b84821dfa3848e55f80a86a46672a128748ac970d162ba48bb5e5ee6b -bundle /run/containerd/io.containerd.runtime.v2.task/k8s.io/c19cef1b84821dfa3848e55f80a86a46672a128748ac970d162ba48bb5e5ee6b delete
