Sep 19 11:28:42 systems-research containerd[96334]: time="2026-09-19T11:28:42.574550173Z" level=info msg="RunPodSandbox for name:\"experiment-k42z6\"  uid:\"c6903810-78f0-485c-8bf7-f39d6b3e552c\"  namespace:\"argo\""
Sep 19 11:28:42 systems-research containerd[96334]: {"cniVersion":"0.3.1","hairpinMode":true,"ipMasq":false,"ipam":{"ranges":[[{"subnet":"10.244.0.0/24"}]],"routes":[{"dst":"10.244.0.0/16"}],"type":"host-local"},"isDefaultGateway":true,"isGateway":true,"mtu":1450,"name":"cbr0","type":"bridge"}time="2026-09-19T11:28:42.862668472Z" level=info msg="connecting to shim c19cef1b84821dfa3848e55f80a86a46672a128748ac970d162ba48bb5e5ee6b" address="unix:///run/containerd/s/6676f6bee479c206ac1236b4fca80ecd74e5da1983102e3c21a683771d9b509a" namespace=k8s.io protocol=ttrpc version=3
Sep 19 11:28:42 systems-research containerd[96334]: time="2026-09-19T11:28:42.925855023Z" level=info msg="RunPodSandbox for name:\"experiment-k42z6\"  uid:\"c6903810-78f0-485c-8bf7-f39d6b3e552c\"  namespace:\"argo\" returns sandbox id \"c19cef1b84821dfa3848e55f80a86a46672a128748ac970d162ba48bb5e5ee6b\""
Sep 19 11:28:42 systems-research containerd[96334]: time="2026-09-19T11:28:42.927661530Z" level=info msg="CreateContainer within sandbox \"c19cef1b84821dfa3848e55f80a86a46672a128748ac970d162ba48bb5e5ee6b\" for container name:\"init\""
Sep 19 11:28:43 systems-research containerd[96334]: time="2026-09-19T11:28:43.174870035Z" level=info msg="CreateContainer within sandbox \"c19cef1b84821dfa3848e55f80a86a46672a128748ac970d162ba48bb5e5ee6b\" for name:\"init\" returns container id \"38b9b1ee2ff3ab3a9e746f0aa7c76f86c9b733f475fa6b076efaffcf1a1f9bdf\""
Sep 19 11:28:43 systems-research containerd[96334]: time="2026-09-19T11:28:43.175079146Z" level=info msg="StartContainer for \"38b9b1ee2ff3ab3a9e746f0aa7c76f86c9b733f475fa6b076efaffcf1a1f9bdf\""
Sep 19 11:28:43 systems-research containerd[96334]: time="2026-09-19T11:28:43.175395596Z" level=info msg="connecting to shim 38b9b1ee2ff3ab3a9e746f0aa7c76f86c9b733f475fa6b076efaffcf1a1f9bdf" address="unix:///run/containerd/s/6676f6bee479c206ac1236b4fca80ecd74e5da1983102e3c21a683771d9b509a" protocol=ttrpc version=3
Sep 19 11:28:43 systems-research containerd[96334]: time="2026-09-19T11:28:43.240185423Z" level=info msg="StartContainer for \"38b9b1ee2ff3ab3a9e746f0aa7c76f86c9b733f475fa6b076efaffcf1a1f9bdf\" returns successfully"
Sep 19 11:28:43 systems-research containerd[96334]: time="2026-09-19T11:28:43.284154771Z" level=info msg="received container exit event container_id:\"38b9b1ee2ff3ab3a9e746f0aa7c76f86c9b733f475fa6b076efaffcf1a1f9bdf\"  id:\"38b9b1ee2ff3ab3a9e746f0aa7c76f86c9b733f475fa6b076efaffcf1a1f9bdf\"  pid:98717  exited_at:{seconds:1789817323  nanos:283943874}"
Sep 19 11:28:46 systems-research containerd[96334]: time="2026-09-19T11:28:46.095555394Z" level=info msg="shim disconnected" id=38b9b1ee2ff3ab3a9e746f0aa7c76f86c9b733f475fa6b076efaffcf1a1f9bdf
Sep 19 11:28:46 systems-research containerd[96334]: time="2026-09-19T11:28:46.095579699Z" level=info msg="cleaning up after shim disconnected" id=38b9b1ee2ff3ab3a9e746f0aa7c76f86c9b733f475fa6b076efaffcf1a1f9bdf
Sep 19 11:28:46 systems-research containerd[96334]: time="2026-09-19T11:28:46.095583739Z" level=info msg="cleaning up dead shim" id=38b9b1ee2ff3ab3a9e746f0aa7c76f86c9b733f475fa6b076efaffcf1a1f9bdf
Sep 19 11:28:46 systems-research containerd[96334]: time="2026-09-19T11:28:46.721555183Z" level=info msg="CreateContainer within sandbox \"c19cef1b84821dfa3848e55f80a86a46672a128748ac970d162ba48bb5e5ee6b\" for container name:\"wait\""
Sep 19 11:28:47 systems-research containerd[96334]: time="2026-09-19T11:28:47.403977850Z" level=info msg="CreateContainer within sandbox \"c19cef1b84821dfa3848e55f80a86a46672a128748ac970d162ba48bb5e5ee6b\" for name:\"wait\" returns container id \"77b238117588962d7d1636b914844f20da2d2085823702d853c1d762e482d610\""
Sep 19 11:28:47 systems-research containerd[96334]: time="2026-09-19T11:28:47.404492547Z" level=info msg="StartContainer for \"77b238117588962d7d1636b914844f20da2d2085823702d853c1d762e482d610\""
Sep 19 11:28:47 systems-research containerd[96334]: time="2026-09-19T11:28:47.405053090Z" level=info msg="connecting to shim 77b238117588962d7d1636b914844f20da2d2085823702d853c1d762e482d610" address="unix:///run/containerd/s/6676f6bee479c206ac1236b4fca80ecd74e5da1983102e3c21a683771d9b509a" protocol=ttrpc version=3
Sep 19 11:28:47 systems-research containerd[96334]: time="2026-09-19T11:28:47.457628199Z" level=info msg="StartContainer for \"77b238117588962d7d1636b914844f20da2d2085823702d853c1d762e482d610\" returns successfully"
Sep 19 11:28:47 systems-research containerd[96334]: time="2026-09-19T11:28:47.458764391Z" level=info msg="CreateContainer within sandbox \"c19cef1b84821dfa3848e55f80a86a46672a128748ac970d162ba48bb5e5ee6b\" for container name:\"main\""
Sep 19 11:28:47 systems-research containerd[96334]: time="2026-09-19T11:28:47.745651279Z" level=info msg="CreateContainer within sandbox \"c19cef1b84821dfa3848e55f80a86a46672a128748ac970d162ba48bb5e5ee6b\" for name:\"main\" returns container id \"2c202c882609cf63fe29ca9171b0fd7fb147e88780357c11893257380f1d114c\""
Sep 19 11:28:47 systems-research containerd[96334]: time="2026-09-19T11:28:47.745840345Z" level=info msg="StartContainer for \"2c202c882609cf63fe29ca9171b0fd7fb147e88780357c11893257380f1d114c\""
Sep 19 11:28:47 systems-research containerd[96334]: time="2026-09-19T11:28:47.746284556Z" level=info msg="connecting to shim 2c202c882609cf63fe29ca9171b0fd7fb147e88780357c11893257380f1d114c" address="unix:///run/containerd/s/6676f6bee479c206ac1236b4fca80ecd74e5da1983102e3c21a683771d9b509a" protocol=ttrpc version=3
Sep 19 11:28:47 systems-research containerd[96334]: time="2026-09-19T11:28:47.806817414Z" level=info msg="StartContainer for \"2c202c882609cf63fe29ca9171b0fd7fb147e88780357c11893257380f1d114c\" returns successfully"
Sep 19 11:33:42 systems-research containerd[96334]: time="2026-09-19T11:33:42.936224882Z" level=info msg="container event discarded" container=c19cef1b84821dfa3848e55f80a86a46672a128748ac970d162ba48bb5e5ee6b type=CONTAINER_CREATED_EVENT
Sep 19 11:33:42 systems-research containerd[96334]: time="2026-09-19T11:33:42.936267752Z" level=info msg="container event discarded" container=c19cef1b84821dfa3848e55f80a86a46672a128748ac970d162ba48bb5e5ee6b type=CONTAINER_STARTED_EVENT
Sep 19 11:33:43 systems-research containerd[96334]: time="2026-09-19T11:33:43.185126144Z" level=info msg="container event discarded" container=38b9b1ee2ff3ab3a9e746f0aa7c76f86c9b733f475fa6b076efaffcf1a1f9bdf type=CONTAINER_CREATED_EVENT
Sep 19 11:33:43 systems-research containerd[96334]: time="2026-09-19T11:33:43.250363472Z" level=info msg="container event discarded" container=38b9b1ee2ff3ab3a9e746f0aa7c76f86c9b733f475fa6b076efaffcf1a1f9bdf type=CONTAINER_STARTED_EVENT
Sep 19 11:33:46 systems-research containerd[96334]: time="2026-09-19T11:33:46.727592471Z" level=info msg="container event discarded" container=38b9b1ee2ff3ab3a9e746f0aa7c76f86c9b733f475fa6b076efaffcf1a1f9bdf type=CONTAINER_STOPPED_EVENT
Sep 19 11:33:47 systems-research containerd[96334]: time="2026-09-19T11:33:47.413946107Z" level=info msg="container event discarded" container=77b238117588962d7d1636b914844f20da2d2085823702d853c1d762e482d610 type=CONTAINER_CREATED_EVENT
Sep 19 11:33:47 systems-research containerd[96334]: time="2026-09-19T11:33:47.468392402Z" level=info msg="container event discarded" container=77b238117588962d7d1636b914844f20da2d2085823702d853c1d762e482d610 type=CONTAINER_STARTED_EVENT
Sep 19 11:33:47 systems-research containerd[96334]: time="2026-09-19T11:33:47.755646132Z" level=info msg="container event discarded" container=2c202c882609cf63fe29ca9171b0fd7fb147e88780357c11893257380f1d114c type=CONTAINER_CREATED_EVENT
Sep 19 11:33:47 systems-research containerd[96334]: time="2026-09-19T11:33:47.815641831Z" level=info msg="container event discarded" container=2c202c882609cf63fe29ca9171b0fd7fb147e88780357c11893257380f1d114c type=CONTAINER_STARTED_EVENT
Sep 19 11:33:47 systems-research containerd[96334]: time="2026-09-19T11:33:47.889666366Z" level=info msg="received container exit event container_id:\"2c202c882609cf63fe29ca9171b0fd7fb147e88780357c11893257380f1d114c\"  id:\"2c202c882609cf63fe29ca9171b0fd7fb147e88780357c11893257380f1d114c\"  pid:98836  exited_at:{seconds:1789817627  nanos:889185427}"
Sep 19 11:33:47 systems-research containerd[96334]: time="2026-09-19T11:33:47.959302998Z" level=info msg="shim disconnected" id=2c202c882609cf63fe29ca9171b0fd7fb147e88780357c11893257380f1d114c
Sep 19 11:33:47 systems-research containerd[96334]: time="2026-09-19T11:33:47.959316764Z" level=info msg="cleaning up after shim disconnected" id=2c202c882609cf63fe29ca9171b0fd7fb147e88780357c11893257380f1d114c
Sep 19 11:33:47 systems-research containerd[96334]: time="2026-09-19T11:33:47.959319448Z" level=info msg="cleaning up dead shim" id=2c202c882609cf63fe29ca9171b0fd7fb147e88780357c11893257380f1d114c
Sep 19 11:33:48 systems-research containerd[96334]: time="2026-09-19T11:33:48.001241003Z" level=info msg="received container exit event container_id:\"77b238117588962d7d1636b914844f20da2d2085823702d853c1d762e482d610\"  id:\"77b238117588962d7d1636b914844f20da2d2085823702d853c1d762e482d610\"  pid:98801  exited_at:{seconds:1789817628  nanos:1028595}"
Sep 19 11:33:49 systems-research containerd[96334]: time="2026-09-19T11:33:49.246978883Z" level=info msg="shim disconnected" id=77b238117588962d7d1636b914844f20da2d2085823702d853c1d762e482d610
Sep 19 11:33:49 systems-research containerd[96334]: time="2026-09-19T11:33:49.246996655Z" level=info msg="cleaning up after shim disconnected" id=77b238117588962d7d1636b914844f20da2d2085823702d853c1d762e482d610
Sep 19 11:33:49 systems-research containerd[96334]: time="2026-09-19T11:33:49.247000407Z" level=info msg="cleaning up dead shim" id=77b238117588962d7d1636b914844f20da2d2085823702d853c1d762e482d610
Sep 19 11:33:50 systems-research containerd[96334]: time="2026-09-19T11:33:50.667917192Z" level=info msg="StopPodSandbox for \"c19cef1b84821dfa3848e55f80a86a46672a128748ac970d162ba48bb5e5ee6b\""
Sep 19 11:33:50 systems-research containerd[96334]: time="2026-09-19T11:33:50.667953559Z" level=info msg="Container to stop \"38b9b1ee2ff3ab3a9e746f0aa7c76f86c9b733f475fa6b076efaffcf1a1f9bdf\" must be in running or unknown state, current state \"CONTAINER_EXITED\""
Sep 19 11:33:50 systems-research containerd[96334]: time="2026-09-19T11:33:50.667957688Z" level=info msg="Container to stop \"77b238117588962d7d1636b914844f20da2d2085823702d853c1d762e482d610\" must be in running or unknown state, current state \"CONTAINER_EXITED\""
Sep 19 11:33:50 systems-research containerd[96334]: time="2026-09-19T11:33:50.667960357Z" level=info msg="Container to stop \"2c202c882609cf63fe29ca9171b0fd7fb147e88780357c11893257380f1d114c\" must be in running or unknown state, current state \"CONTAINER_EXITED\""
Sep 19 11:33:50 systems-research containerd[96334]: time="2026-09-19T11:33:50.671713033Z" level=info msg="received sandbox exit event container_id:\"c19cef1b84821dfa3848e55f80a86a46672a128748ac970d162ba48bb5e5ee6b\"  id:\"c19cef1b84821dfa3848e55f80a86a46672a128748ac970d162ba48bb5e5ee6b\"  exit_status:137  exited_at:{seconds:1789817630  nanos:671549793}" monitor_name=podsandbox
Sep 19 11:33:50 systems-research containerd[96334]: time="2026-09-19T11:33:50.725591597Z" level=info msg="shim disconnected" id=c19cef1b84821dfa3848e55f80a86a46672a128748ac970d162ba48bb5e5ee6b namespace=k8s.io
Sep 19 11:33:50 systems-research containerd[96334]: time="2026-09-19T11:33:50.725651435Z" level=info msg="cleaning up after shim disconnected" id=c19cef1b84821dfa3848e55f80a86a46672a128748ac970d162ba48bb5e5ee6b namespace=k8s.io
Sep 19 11:33:50 systems-research containerd[96334]: time="2026-09-19T11:33:50.725654560Z" level=info msg="cleaning up dead shim" id=c19cef1b84821dfa3848e55f80a86a46672a128748ac970d162ba48bb5e5ee6b namespace=k8s.io
Sep 19 11:33:50 systems-research containerd[96334]: time="2026-09-19T11:33:50.729558788Z" level=info msg="received sandbox container exit event sandbox_id:\"c19cef1b84821dfa3848e55f80a86a46672a128748ac970d162ba48bb5e5ee6b\"  exit_status:137  exited_at:{seconds:1789817630  nanos:671549793}" monitor_name=criService
Sep 19 11:33:50 systems-research containerd[96334]: time="2026-09-19T11:33:50.751283233Z" level=info msg="TearDown network for sandbox \"c19cef1b84821dfa3848e55f80a86a46672a128748ac970d162ba48bb5e5ee6b\" successfully"
Sep 19 11:33:50 systems-research containerd[96334]: time="2026-09-19T11:33:50.751308106Z" level=info msg="StopPodSandbox for \"c19cef1b84821dfa3848e55f80a86a46672a128748ac970d162ba48bb5e5ee6b\" returns successfully"
